
 RUN  v1.6.1 C:/Users/HP/Desktop/Blockchain/Stacks Blockchain/Biometric Seedless Smart Wallet

 ❯ tests/biometric-wallet.test.ts  (0 test)

⎯⎯⎯⎯⎯⎯ Failed Suites 1 ⎯⎯⎯⎯⎯⎯⎯

 FAIL  tests/biometric-wallet.test.ts [ tests/biometric-wallet.test.ts ]
Error: Missing "./p256" specifier in "@noble/curves" package
 ❯ e ../../Stacks%20Blockchain/Biometric%20Seedless%20Smart%20Wallet/node_modules/vite/dist/node/chunks/dep-BK3b2jBa.js:46042:25
 ❯ n ../../Stacks%20Blockchain/Biometric%20Seedless%20Smart%20Wallet/node_modules/vite/dist/node/chunks/dep-BK3b2jBa.js:46042:627
 ❯ o ../../Stacks%20Blockchain/Biometric%20Seedless%20Smart%20Wallet/node_modules/vite/dist/node/chunks/dep-BK3b2jBa.js:46042:1297
 ❯ resolveExportsOrImports ../../Stacks%20Blockchain/Biometric%20Seedless%20Smart%20Wallet/node_modules/vite/dist/node/chunks/dep-BK3b2jBa.js:46663:18
 ❯ resolveDeepImport ../../Stacks%20Blockchain/Biometric%20Seedless%20Smart%20Wallet/node_modules/vite/dist/node/chunks/dep-BK3b2jBa.js:46686:25
 ❯ tryNodeResolve ../../Stacks%20Blockchain/Biometric%20Seedless%20Smart%20Wallet/node_modules/vite/dist/node/chunks/dep-BK3b2jBa.js:46451:16
 ❯ ResolveIdContext.resolveId ../../Stacks%20Blockchain/Biometric%20Seedless%20Smart%20Wallet/node_modules/vite/dist/node/chunks/dep-BK3b2jBa.js:46201:19
 ❯ PluginContainer.resolveId ../../Stacks%20Blockchain/Biometric%20Seedless%20Smart%20Wallet/node_modules/vite/dist/node/chunks/dep-BK3b2jBa.js:49018:17
 ❯ TransformPluginContext.resolve ../../Stacks%20Blockchain/Biometric%20Seedless%20Smart%20Wallet/node_modules/vite/dist/node/chunks/dep-BK3b2jBa.js:49178:15

⎯⎯⎯⎯⎯⎯⎯⎯⎯⎯⎯⎯⎯⎯⎯⎯⎯⎯⎯⎯⎯⎯⎯⎯[1/1]⎯

 Test Files  1 failed (1)
      Tests  no tests
   Start at  06:21:08
   Duration  6.36s (transform 110ms, setup 122ms, collect 0ms, tests 0ms, environment 5.05s, prepare 737ms)

